login as: ec2-user
Authenticating with public key "imported-openssh-key"
Last login: Tue Jul  1 05:18:07 2014 from 103.249.82.26

       __|  __|_  )
       _|  (     /   Amazon Linux AMI
      ___|\___|___|

https://aws.amazon.com/amazon-linux-ami/2014.03-release-notes/
[ec2-user@domU-12-31-39-0C-70-2C ~]$ cd /exe
-bash: cd: /exe: No such file or directory
[ec2-user@domU-12-31-39-0C-70-2C ~]$ al
-bash: al: command not found
[ec2-user@domU-12-31-39-0C-70-2C ~]$ /al
-bash: /al: No such file or directory
[ec2-user@domU-12-31-39-0C-70-2C ~]$ sudo service mysqld start
Initializing MySQL database:  Installing MySQL system tables...
OK
Filling help tables...
OK

To start mysqld at boot time you have to copy
support-files/mysql.server to the right place for your system

PLEASE REMEMBER TO SET A PASSWORD FOR THE MySQL root USER !
To do so, start the server, then issue the following commands:

/usr/bin/mysqladmin -u root password 'new-password'
/usr/bin/mysqladmin -u root -h domU-12-31-39-0C-70-2C password 'new-password'

Alternatively you can run:
/usr/bin/mysql_secure_installation

which will also give you the option of removing the test
databases and anonymous user created by default.  This is
strongly recommended for production servers.

See the manual for more instructions.

You can start the MySQL daemon with:
cd /usr ; /usr/bin/mysqld_safe &

You can test the MySQL daemon with mysql-test-run.pl
cd /usr/mysql-test ; perl mysql-test-run.pl

Please report any problems at http://bugs.mysql.com/

                                                           [  OK  ]
Starting mysqld:                                           [  OK  ]
[ec2-user@domU-12-31-39-0C-70-2C ~]$ ok
-bash: ok: command not found
[ec2-user@domU-12-31-39-0C-70-2C ~]$ sudo user/bin/mysql_secure_installation
sudo: user/bin/mysql_secure_installation: command not found
[ec2-user@domU-12-31-39-0C-70-2C ~]$ sudo yum user/bin/mysql_secure_installation
Loaded plugins: priorities, update-motd, upgrade-helper
No such command: user/bin/mysql_secure_installation. Please use /usr/bin/yum --help
[ec2-user@domU-12-31-39-0C-70-2C ~]$ sudo /user/bin/mysql_secure_installation
sudo: /user/bin/mysql_secure_installation: command not found
[ec2-user@domU-12-31-39-0C-70-2C ~]$ sudo yum  /user/bin/mysql_secure_installation
Loaded plugins: priorities, update-motd, upgrade-helper
No such command: /user/bin/mysql_secure_installation. Please use /usr/bin/yum --help
[ec2-user@domU-12-31-39-0C-70-2C ~]$ user/bin yum mysql_secure_installation
-bash: user/bin: No such file or directory
[ec2-user@domU-12-31-39-0C-70-2C ~]$ user/bin/ yum mysql_secure_installation
-bash: user/bin/: No such file or directory
[ec2-user@domU-12-31-39-0C-70-2C ~]$ cd /etc
[ec2-user@domU-12-31-39-0C-70-2C etc]$ ls
acpi                     gnupg           mke2fs.conf     rmt
adjtime                  groff           modprobe.d      rpc
aliases                  group           motd            rpm
aliases.db               group-          motd.rpmsave    rsyslog.conf
alternatives             grub.conf       mtab            rsyslog.d
anacrontab               gshadow         my.cnf          rwtab
asound.conf              gshadow-        nanorc          rwtab.d
at.deny                  host.conf       NetworkManager  sasl2
audisp                   hosts           networks        screenrc
audit                    hosts.allow     nsswitch.conf   securetty
bash_completion.d        hosts.deny      ntp             security
bashrc                   httpd           ntp.conf        services
blkid                    image-id        openldap        shadow
chkconfig.d              init            opt             shadow-
cloud                    init.d          pam.d           shells
cron.d                   inittab         passwd          skel
cron.daily               inputrc         passwd-         smrsh
cron.deny                iproute2        php.d           ssh
cron.hourly              issue           php.ini         ssl
cron.monthly             issue.net       php-zts.d       statetab
crontab                  java            pkcs11          statetab.d
cron.weekly              jvm             pki             sudo.conf
csh.cshrc                jvm-commmon     pm              sudoers
csh.login                krb5.conf       popt.d          sudoers.d
dbus-1                   kshrc           ppp             sudo-ldap.conf
default                  ld.so.cache     printcap        sysconfig
depmod.d                 ld.so.conf      profile         sysctl.conf
dhcp                     ld.so.conf.d    profile.d       system-release
DIR_COLORS               libaudit.conf   protocols       system-release-cpe
DIR_COLORS.256color      libreport       racoon          terminfo
DIR_COLORS.lightbgcolor  libuser.conf    rc              tmpfiles.d
dracut.conf              localtime       rc0.d           udev
dracut.conf.d            login.defs      rc1.d           update-motd.d
dumpdates                logrotate.conf  rc2.d           vimrc
e2fsck.conf              logrotate.d     rc3.d           virc
environment              lvm             rc4.d           wgetrc
ethers                   magic           rc5.d           X11
exports                  mail            rc6.d           xdg
filesystems              mailcap         rc.d            xinetd.d
fonts                    man.config      rc.local        yum
fstab                    maven           rc.sysinit      yum.conf
gcrypt                   mime.types      resolv.conf     yum.repos.d
[ec2-user@domU-12-31-39-0C-70-2C etc]$ ls http*
conf  conf.d  logs  modules  run
[ec2-user@domU-12-31-39-0C-70-2C etc]$ cd httpd
[ec2-user@domU-12-31-39-0C-70-2C httpd]$ sudo service httpd start
Starting httpd:                                            [  OK  ]
[ec2-user@domU-12-31-39-0C-70-2C httpd]$ cd /var/www
[ec2-user@domU-12-31-39-0C-70-2C www]$ ls
cgi-bin  error  html  icons
[ec2-user@domU-12-31-39-0C-70-2C www]$ cd html
[ec2-user@domU-12-31-39-0C-70-2C html]$ ls
[ec2-user@domU-12-31-39-0C-70-2C html]$ cd /etc/httpd
[ec2-user@domU-12-31-39-0C-70-2C httpd]$ ls
conf  conf.d  logs  modules  run
[ec2-user@domU-12-31-39-0C-70-2C httpd]$ cd conf
[ec2-user@domU-12-31-39-0C-70-2C conf]$ ls
httpd.conf  magic
[ec2-user@domU-12-31-39-0C-70-2C conf]$ cd httpd.conf
-bash: cd: httpd.conf: Not a directory
[ec2-user@domU-12-31-39-0C-70-2C conf]$ vi httpd.conf

[1]+  Stopped                 vim httpd.conf
[ec2-user@domU-12-31-39-0C-70-2C conf]$ nano httpd.conf
[ec2-user@domU-12-31-39-0C-70-2C conf]$ mysql -u root -h loclahost
ERROR 2005 (HY000): Unknown MySQL server host 'loclahost' (0)
[ec2-user@domU-12-31-39-0C-70-2C conf]$ mysql -u root
Welcome to the MySQL monitor.  Commands end with ; or \g.
Your MySQL connection id is 2
Server version: 5.5.38 MySQL Community Server (GPL)

Copyright (c) 2000, 2014, Oracle and/or its affiliates. All rights reserved.

Oracle is a registered trademark of Oracle Corporation and/or its
affiliates. Other names may be trademarks of their respective
owners.

Type 'help;' or '\h' for help. Type '\c' to clear the current input statement.

